// Jest Snapshot v1, https://goo.gl/fbAQLP

exports[`Tests for ForgotPassword Screen should match the snapshot 1`] = `
<View
  style={
    {
      "backgroundColor": "white",
      "height": "100%",
      "paddingBottom": 20,
      "paddingLeft": 20,
      "paddingRight": 20,
      "paddingTop": 50,
    }
  }
>
  <Text
    style={
      {
        "fontSize": 32,
        "fontWeight": "700",
        "letterSpacing": -0.41,
        "lineHeight": 34.5,
        "marginBottom": 30,
      }
    }
  >
    Forgot Password
  </Text>
  <TextInput
    backgroundColor="#f4f4f4"
    borderRadius={4}
    borderWidth={0.1}
    fontSize={16}
    height={56}
    letterSpacing={-0.41}
    lineHeight={20.24}
    marginBottom={20}
    onChangeText={[Function]}
    paddingLeft={10}
    placeholder="Enter Email Address"
    style={
      {
        "fontWeight": "450px",
      }
    }
    testID="EmailInput"
    theme={{}}
    value={null}
  />
  <View
    disabled={true}
    onPress={[Function]}
    testID="ContinueButton"
    title="Continue"
  />
</View>
`;
